
> client@0.0.0 build
> tsc -b && vite build

[36mvite v7.2.4 [32mbuilding client environment for production...[36m[39m
[32m鉁?[39m 0 modules transformed.
node.exe : [31m鉁?[39m Buil
d failed in 22ms
所在位置 行:1 字符: 1
+ & "C:\Program Files\nodej
s/node.exe" "C:\Program Fil
es\nodejs/node_mo ...
+ ~~~~~~~~~~~~~~~~~~~~~~~~~
~~~~~~~~~~~~~~~~~~~~~~~~~~~
~~~~~~~~~~~~~~~~~
    + CategoryInfo         
     : NotSpecified: ([3  
  1m鉁?[39m Build failed    
 in 22ms:String) [], Re    
moteException
    + FullyQualifiedErrorI 
   d : NativeCommandError
 
[31merror during build:
[31mCould not resolve entr
y module "index.html".[31m
    at getRollupError (file
:///D:/KAT/KAT/client/node_
modules/rollup/dist/es/shar
ed/parseAst.js:401:41)
    at error (file:///D:/KA
T/KAT/client/node_modules/r
ollup/dist/es/shared/parseA
st.js:397:42)
    at ModuleLoader.loadEnt
ryModule (file:///D:/KAT/KA
T/client/node_modules/rollu
p/dist/es/shared/node-entry
.js:21611:20)
    at async Promise.all (i
ndex 0)[39m
