src/pages/ImageAdjustDebugPage.tsx(148,21): error TS2322: Type '{ imageBase64: string; onClose: () => void; onCrop: (croppedImage: Blob) => void; }' is not assignable to type 'IntrinsicAttributes & ImageCropperModalProps'.
  Property 'imageBase64' does not exist on type 'IntrinsicAttributes & ImageCropperModalProps'.
src/pages/ImageAdjustDebugPage.tsx(151,68): error TS2339: Property 'substring' does not exist on type 'Blob'.
src/pages/ImageAdjustDebugPage.tsx(152,38): error TS2345: Argument of type 'Blob' is not assignable to parameter of type 'SetStateAction<string>'.
src/pages/ImageAdjustDebugPage.tsx(163,37): error TS7006: Parameter 'image' implicitly has an 'any' type.
src/pages/ImageAdjustDebugPage.tsx(169,21): error TS2322: Type '"character1"' is not assignable to type '"slot1" | "slot2" | "slot3" | "slot4"'.
