[dotenv@17.2.3] injecting env (25) from .env -- tip: 馃攼 prevent building .env in docker: https://dotenvx.com/prebuild
Testing MiniMax Generation...
URL: https://api.minimax.io/v1/t2a_v2
Group ID: 2002035045556035835
Voice ID: custom_lLcqrs6ZfnZLqaWzSt88nfcdkcv2_1770143466383
Sending payload...
Response Status: 200
Base Resp: {"status_code":0,"status_msg":"success"}
SUCCESS! Audio generated.
